Test de dÚtection de dÚcollage/atterrissage
==================================================

1. Au sol (GS=0, AGL=0):
   Point 1: flight_state=waiting, should_record=False
    DEBUG: Condition failed: gs_kt=0.0 <= 30.0 OR alt_agl_ft=0.0 <= -0.1
   Point 2: flight_state=waiting, should_record=False
    DEBUG: Condition failed: gs_kt=0.0 <= 30.0 OR alt_agl_ft=0.0 <= -0.1
   Point 3: flight_state=waiting, should_record=False
    DEBUG: Condition failed: gs_kt=0.0 <= 30.0 OR alt_agl_ft=0.0 <= -0.1
   Point 4: flight_state=waiting, should_record=False
    DEBUG: Condition failed: gs_kt=0.0 <= 30.0 OR alt_agl_ft=0.0 <= -0.1
   Point 5: flight_state=waiting, should_record=False
    DEBUG: Condition failed: gs_kt=0.0 <= 30.0 OR alt_agl_ft=0.0 <= -0.1
   Point 6: flight_state=waiting, should_record=False
    DEBUG: Condition failed: gs_kt=0.0 <= 30.0 OR alt_agl_ft=0.0 <= -0.1
   Point 7: flight_state=waiting, should_record=False
    DEBUG: Condition failed: gs_kt=0.0 <= 30.0 OR alt_agl_ft=0.0 <= -0.1
   Point 8: flight_state=waiting, should_record=False
    DEBUG: Condition failed: gs_kt=0.0 <= 30.0 OR alt_agl_ft=0.0 <= -0.1
   Point 9: flight_state=waiting, should_record=False
    DEBUG: Condition failed: gs_kt=0.0 <= 30.0 OR alt_agl_ft=0.0 <= -0.1
   Point 10: flight_state=waiting, should_record=False

   ╔tat aprÞs donnÚes au sol: waiting

2. Roulage (GS=20, AGL=0):
   Point 1: flight_state=waiting, should_record=False
    DEBUG: Condition failed: gs_kt=20.0 <= 30.0 OR alt_agl_ft=0.0 <= -0.1
   Point 2: flight_state=waiting, should_record=False
    DEBUG: Condition failed: gs_kt=20.0 <= 30.0 OR alt_agl_ft=0.0 <= -0.1
   Point 3: flight_state=waiting, should_record=False
    DEBUG: Condition failed: gs_kt=20.0 <= 30.0 OR alt_agl_ft=0.0 <= -0.1
   Point 4: flight_state=waiting, should_record=False
    DEBUG: Condition failed: gs_kt=20.0 <= 30.0 OR alt_agl_ft=0.0 <= -0.1
   Point 5: flight_state=waiting, should_record=False
    DEBUG: Condition failed: gs_kt=20.0 <= 30.0 OR alt_agl_ft=0.0 <= -0.1
   Point 6: flight_state=waiting, should_record=False
    DEBUG: Condition failed: gs_kt=20.0 <= 30.0 OR alt_agl_ft=0.0 <= -0.1
   Point 7: flight_state=waiting, should_record=False
    DEBUG: Condition failed: gs_kt=20.0 <= 30.0 OR alt_agl_ft=0.0 <= -0.1
   Point 8: flight_state=waiting, should_record=False
    DEBUG: Condition failed: gs_kt=20.0 <= 30.0 OR alt_agl_ft=0.0 <= -0.1
   Point 9: flight_state=waiting, should_record=False
    DEBUG: Condition failed: gs_kt=20.0 <= 30.0 OR alt_agl_ft=0.0 <= -0.1
   Point 10: flight_state=waiting, should_record=False

   ╔tat aprÞs roulage: waiting

3. DÚcollage (GS=50, AGL=10) pendant 6 secondes:
   Point 1: flight_state=waiting, should_record=False
    DEBUG: History duration: 0.1s (need 5.0s), history_count=2
    DEBUG: History duration: 0.2s (need 5.0s), history_count=3
    DEBUG: History duration: 0.3s (need 5.0s), history_count=4
    DEBUG: History duration: 0.4s (need 5.0s), history_count=5
    DEBUG: History duration: 0.5s (need 5.0s), history_count=6
    DEBUG: History duration: 0.6s (need 5.0s), history_count=7
    DEBUG: History duration: 0.7s (need 5.0s), history_count=8
    DEBUG: History duration: 0.8s (need 5.0s), history_count=9
    DEBUG: History duration: 0.9s (need 5.0s), history_count=10
    DEBUG: History duration: 1.0s (need 5.0s), history_count=11
   Point 11: flight_state=waiting, should_record=False
    DEBUG: History duration: 1.1s (need 5.0s), history_count=12
    DEBUG: History duration: 1.2s (need 5.0s), history_count=13
    DEBUG: History duration: 1.3s (need 5.0s), history_count=14
    DEBUG: History duration: 1.4s (need 5.0s), history_count=15
    DEBUG: History duration: 1.5s (need 5.0s), history_count=16
    DEBUG: History duration: 1.6s (need 5.0s), history_count=17
    DEBUG: History duration: 1.7s (need 5.0s), history_count=18
    DEBUG: History duration: 1.8s (need 5.0s), history_count=19
    DEBUG: History duration: 1.9s (need 5.0s), history_count=20
    DEBUG: History duration: 2.0s (need 5.0s), history_count=21
   Point 21: flight_state=waiting, should_record=False
    DEBUG: History duration: 2.1s (need 5.0s), history_count=22
    DEBUG: History duration: 2.2s (need 5.0s), history_count=23
    DEBUG: History duration: 2.3s (need 5.0s), history_count=24
    DEBUG: History duration: 2.4s (need 5.0s), history_count=25
    DEBUG: History duration: 2.5s (need 5.0s), history_count=26
    DEBUG: History duration: 2.6s (need 5.0s), history_count=27
    DEBUG: History duration: 2.7s (need 5.0s), history_count=28
    DEBUG: History duration: 2.8s (need 5.0s), history_count=29
    DEBUG: History duration: 2.9s (need 5.0s), history_count=30
    DEBUG: History duration: 3.0s (need 5.0s), history_count=31
   Point 31: flight_state=waiting, should_record=False
    DEBUG: History duration: 3.1s (need 5.0s), history_count=32
    DEBUG: History duration: 3.2s (need 5.0s), history_count=33
    DEBUG: History duration: 3.3s (need 5.0s), history_count=34
    DEBUG: History duration: 3.4s (need 5.0s), history_count=35
    DEBUG: History duration: 3.5s (need 5.0s), history_count=36
    DEBUG: History duration: 3.6s (need 5.0s), history_count=37
    DEBUG: History duration: 3.7s (need 5.0s), history_count=38
    DEBUG: History duration: 3.8s (need 5.0s), history_count=39
    DEBUG: History duration: 3.9s (need 5.0s), history_count=40
    DEBUG: History duration: 4.0s (need 5.0s), history_count=41
   Point 41: flight_state=waiting, should_record=False
    DEBUG: History duration: 4.1s (need 5.0s), history_count=42
    DEBUG: History duration: 4.2s (need 5.0s), history_count=43
    DEBUG: History duration: 4.3s (need 5.0s), history_count=44
    DEBUG: History duration: 4.4s (need 5.0s), history_count=45
    DEBUG: History duration: 4.5s (need 5.0s), history_count=46
    DEBUG: History duration: 4.6s (need 5.0s), history_count=47
    DEBUG: History duration: 4.7s (need 5.0s), history_count=48
    DEBUG: History duration: 4.8s (need 5.0s), history_count=49
    DEBUG: History duration: 4.9s (need 5.0s), history_count=50
    DEBUG: History duration: 4.9s (need 5.0s), history_count=50
   Point 51: flight_state=waiting, should_record=False
    DEBUG: History duration: 4.9s (need 5.0s), history_count=50
    DEBUG: History duration: 4.9s (need 5.0s), history_count=50
    DEBUG: History duration: 4.9s (need 5.0s), history_count=50
    DEBUG: History duration: 4.9s (need 5.0s), history_count=50
    DEBUG: History duration: 4.9s (need 5.0s), history_count=50
    DEBUG: History duration: 4.9s (need 5.0s), history_count=50
    DEBUG: History duration: 4.9s (need 5.0s), history_count=50
    DEBUG: History duration: 4.9s (need 5.0s), history_count=50
    DEBUG: History duration: 4.9s (need 5.0s), history_count=50

   ╔tat aprÞs dÚcollage: waiting

4. En vol (GS=100, AGL=5000):
    DEBUG: History duration: 4.9s (need 5.0s), history_count=50
   Point 1: flight_state=waiting, should_record=False
    DEBUG: History duration: 4.9s (need 5.0s), history_count=50
   Point 2: flight_state=waiting, should_record=False
    DEBUG: History duration: 4.9s (need 5.0s), history_count=50
   Point 3: flight_state=waiting, should_record=False
    DEBUG: History duration: 4.9s (need 5.0s), history_count=50
   Point 4: flight_state=waiting, should_record=False
    DEBUG: History duration: 4.9s (need 5.0s), history_count=50
   Point 5: flight_state=waiting, should_record=False

5. Approche (GS=50, AGL=100):
    DEBUG: History duration: 4.9s (need 5.0s), history_count=50
   Point 1: flight_state=waiting, should_record=False
    DEBUG: History duration: 4.9s (need 5.0s), history_count=50
   Point 2: flight_state=waiting, should_record=False
    DEBUG: History duration: 4.9s (need 5.0s), history_count=50
   Point 3: flight_state=waiting, should_record=False
    DEBUG: History duration: 4.9s (need 5.0s), history_count=50
   Point 4: flight_state=waiting, should_record=False
    DEBUG: History duration: 4.9s (need 5.0s), history_count=50
   Point 5: flight_state=waiting, should_record=False

6. Atterrissage (GS=0, AGL=0) pendant 6 secondes:
   Point 1: flight_state=waiting, should_record=False
    DEBUG: Condition failed: gs_kt=0.0 <= 30.0 OR alt_agl_ft=0.0 <= -0.1
    DEBUG: Condition failed: gs_kt=0.0 <= 30.0 OR alt_agl_ft=0.0 <= -0.1
    DEBUG: Condition failed: gs_kt=0.0 <= 30.0 OR alt_agl_ft=0.0 <= -0.1
    DEBUG: Condition failed: gs_kt=0.0 <= 30.0 OR alt_agl_ft=0.0 <= -0.1
    DEBUG: Condition failed: gs_kt=0.0 <= 30.0 OR alt_agl_ft=0.0 <= -0.1
    DEBUG: Condition failed: gs_kt=0.0 <= 30.0 OR alt_agl_ft=0.0 <= -0.1
    DEBUG: Condition failed: gs_kt=0.0 <= 30.0 OR alt_agl_ft=0.0 <= -0.1
    DEBUG: Condition failed: gs_kt=0.0 <= 30.0 OR alt_agl_ft=0.0 <= -0.1
    DEBUG: Condition failed: gs_kt=0.0 <= 30.0 OR alt_agl_ft=0.0 <= -0.1
    DEBUG: Condition failed: gs_kt=0.0 <= 30.0 OR alt_agl_ft=0.0 <= -0.1
   Point 11: flight_state=waiting, should_record=False
    DEBUG: Condition failed: gs_kt=0.0 <= 30.0 OR alt_agl_ft=0.0 <= -0.1
    DEBUG: Condition failed: gs_kt=0.0 <= 30.0 OR alt_agl_ft=0.0 <= -0.1
    DEBUG: Condition failed: gs_kt=0.0 <= 30.0 OR alt_agl_ft=0.0 <= -0.1
    DEBUG: Condition failed: gs_kt=0.0 <= 30.0 OR alt_agl_ft=0.0 <= -0.1
    DEBUG: Condition failed: gs_kt=0.0 <= 30.0 OR alt_agl_ft=0.0 <= -0.1
    DEBUG: Condition failed: gs_kt=0.0 <= 30.0 OR alt_agl_ft=0.0 <= -0.1
    DEBUG: Condition failed: gs_kt=0.0 <= 30.0 OR alt_agl_ft=0.0 <= -0.1
    DEBUG: Condition failed: gs_kt=0.0 <= 30.0 OR alt_agl_ft=0.0 <= -0.1
    DEBUG: Condition failed: gs_kt=0.0 <= 30.0 OR alt_agl_ft=0.0 <= -0.1
    DEBUG: Condition failed: gs_kt=0.0 <= 30.0 OR alt_agl_ft=0.0 <= -0.1
   Point 21: flight_state=waiting, should_record=False
    DEBUG: Condition failed: gs_kt=0.0 <= 30.0 OR alt_agl_ft=0.0 <= -0.1
    DEBUG: Condition failed: gs_kt=0.0 <= 30.0 OR alt_agl_ft=0.0 <= -0.1
    DEBUG: Condition failed: gs_kt=0.0 <= 30.0 OR alt_agl_ft=0.0 <= -0.1
    DEBUG: Condition failed: gs_kt=0.0 <= 30.0 OR alt_agl_ft=0.0 <= -0.1
    DEBUG: Condition failed: gs_kt=0.0 <= 30.0 OR alt_agl_ft=0.0 <= -0.1
    DEBUG: Condition failed: gs_kt=0.0 <= 30.0 OR alt_agl_ft=0.0 <= -0.1
    DEBUG: Condition failed: gs_kt=0.0 <= 30.0 OR alt_agl_ft=0.0 <= -0.1
    DEBUG: Condition failed: gs_kt=0.0 <= 30.0 OR alt_agl_ft=0.0 <= -0.1
    DEBUG: Condition failed: gs_kt=0.0 <= 30.0 OR alt_agl_ft=0.0 <= -0.1
    DEBUG: Condition failed: gs_kt=0.0 <= 30.0 OR alt_agl_ft=0.0 <= -0.1
   Point 31: flight_state=waiting, should_record=False
    DEBUG: Condition failed: gs_kt=0.0 <= 30.0 OR alt_agl_ft=0.0 <= -0.1
    DEBUG: Condition failed: gs_kt=0.0 <= 30.0 OR alt_agl_ft=0.0 <= -0.1
    DEBUG: Condition failed: gs_kt=0.0 <= 30.0 OR alt_agl_ft=0.0 <= -0.1
    DEBUG: Condition failed: gs_kt=0.0 <= 30.0 OR alt_agl_ft=0.0 <= -0.1
    DEBUG: Condition failed: gs_kt=0.0 <= 30.0 OR alt_agl_ft=0.0 <= -0.1
    DEBUG: Condition failed: gs_kt=0.0 <= 30.0 OR alt_agl_ft=0.0 <= -0.1
    DEBUG: Condition failed: gs_kt=0.0 <= 30.0 OR alt_agl_ft=0.0 <= -0.1
    DEBUG: Condition failed: gs_kt=0.0 <= 30.0 OR alt_agl_ft=0.0 <= -0.1
    DEBUG: Condition failed: gs_kt=0.0 <= 30.0 OR alt_agl_ft=0.0 <= -0.1
    DEBUG: Condition failed: gs_kt=0.0 <= 30.0 OR alt_agl_ft=0.0 <= -0.1
   Point 41: flight_state=waiting, should_record=False
    DEBUG: Condition failed: gs_kt=0.0 <= 30.0 OR alt_agl_ft=0.0 <= -0.1
    DEBUG: Condition failed: gs_kt=0.0 <= 30.0 OR alt_agl_ft=0.0 <= -0.1
    DEBUG: Condition failed: gs_kt=0.0 <= 30.0 OR alt_agl_ft=0.0 <= -0.1
    DEBUG: Condition failed: gs_kt=0.0 <= 30.0 OR alt_agl_ft=0.0 <= -0.1
    DEBUG: Condition failed: gs_kt=0.0 <= 30.0 OR alt_agl_ft=0.0 <= -0.1
    DEBUG: Condition failed: gs_kt=0.0 <= 30.0 OR alt_agl_ft=0.0 <= -0.1
    DEBUG: Condition failed: gs_kt=0.0 <= 30.0 OR alt_agl_ft=0.0 <= -0.1
    DEBUG: Condition failed: gs_kt=0.0 <= 30.0 OR alt_agl_ft=0.0 <= -0.1
    DEBUG: Condition failed: gs_kt=0.0 <= 30.0 OR alt_agl_ft=0.0 <= -0.1
    DEBUG: Condition failed: gs_kt=0.0 <= 30.0 OR alt_agl_ft=0.0 <= -0.1
   Point 51: flight_state=waiting, should_record=False
    DEBUG: Condition failed: gs_kt=0.0 <= 30.0 OR alt_agl_ft=0.0 <= -0.1
    DEBUG: Condition failed: gs_kt=0.0 <= 30.0 OR alt_agl_ft=0.0 <= -0.1
    DEBUG: Condition failed: gs_kt=0.0 <= 30.0 OR alt_agl_ft=0.0 <= -0.1
    DEBUG: Condition failed: gs_kt=0.0 <= 30.0 OR alt_agl_ft=0.0 <= -0.1
    DEBUG: Condition failed: gs_kt=0.0 <= 30.0 OR alt_agl_ft=0.0 <= -0.1
    DEBUG: Condition failed: gs_kt=0.0 <= 30.0 OR alt_agl_ft=0.0 <= -0.1
    DEBUG: Condition failed: gs_kt=0.0 <= 30.0 OR alt_agl_ft=0.0 <= -0.1
    DEBUG: Condition failed: gs_kt=0.0 <= 30.0 OR alt_agl_ft=0.0 <= -0.1
    DEBUG: Condition failed: gs_kt=0.0 <= 30.0 OR alt_agl_ft=0.0 <= -0.1

   ╔tat aprÞs atterrissage: waiting

7. Vol Ó nouveau (GS=60, AGL=100):
   Point 1: flight_state=waiting, should_record=False
    DEBUG: History duration: 0.1s (need 5.0s), history_count=2
   Point 2: flight_state=waiting, should_record=False
    DEBUG: History duration: 0.2s (need 5.0s), history_count=3
   Point 3: flight_state=waiting, should_record=False
    DEBUG: History duration: 0.3s (need 5.0s), history_count=4
   Point 4: flight_state=waiting, should_record=False
    DEBUG: History duration: 0.4s (need 5.0s), history_count=5
   Point 5: flight_state=waiting, should_record=False

   ╔tat final: waiting
